// Jest Snapshot v1, https://goo.gl/fbAQLP

exports[`match the snapshot 1`] = `
<DocumentFragment>
  <span
    class="app-user"
  >
    <img
      alt="User Avatar"
      class="app-user-logo"
      data-testid="avatar"
    />
    <h3
      class="user-name"
    >
       
    </h3>
  </span>
</DocumentFragment>
`;
